Setting log file to outputs/q3/copt/lower_bound_solver.log
No license found. The size is limited to 2000 variables and 2000 constraints
Please apply for a license from www.shanshu.ai/copt

Model fingerprint: 8b1f1af7

Using Cardinal Optimizer v8.0.6 on Windows (25H2 Build 26200 - x86_64)
The CPU model is Intel(R) Core(TM) i9-14900HX
Hardware has 24 physical cores and 32 logical cores. Using instruction set X86_AVX2 (10)
Minimizing a MIP problem

The original problem has:
    48 rows, 1623 columns and 5413 non-zero elements
    1623 binaries

Starting the MIP solver with 32 threads and 64 tasks

Presolving the problem

Problem was solved during presolve

Best solution   : 4.796298153
Best bound      : 4.796298153
Best gap        : 0.0000%
Solve time      : 0.01
Solve node      : 0
MIP status      : solved
Solution status : integer optimal (relative gap limit 0.0001)

Violations      :     absolute     relative
    bounds      :            0            0
    rows        :            0            0
    integrality :            0
