Setting log file to outputs/q2/copt/solver.log
No license found. The size is limited to 2000 variables and 2000 constraints
Please apply for a license from www.shanshu.ai/copt

Model fingerprint: 7c54f41d

Using Cardinal Optimizer v8.0.6 on Windows (25H2 Build 26200 - x86_64)
The CPU model is Intel(R) Core(TM) i9-14900HX
Hardware has 24 physical cores and 32 logical cores. Using instruction set X86_AVX2 (10)
Maximizing a MIP problem

The original problem has:
    865 rows, 844 columns and 8606 non-zero elements
    840 binaries

Starting the MIP solver with 32 threads and 64 tasks

Presolving the problem

The presolved problem has:
    542 rows, 835 columns and 6906 non-zero elements
    832 binaries

Problem info:
    Range of matrix coefficients:    [1e+00,1e+00]
    Range of rhs coefficients:       [1e+00,8e+00]
    Range of bound coefficients:     [1e+00,3e+00]
    Range of cost coefficients:      [1e-02,4e-01]
    Density of cost:                     99.0%

     Nodes    Active  LPit/n  IntInf     BestBound  BestSolution     Gap   Time
         0         1      --       0  1.861632e+02            --     Inf  0.03s
H        0         1      --       0  1.861632e+02  3.517548e-01  99.81%  0.04s
         0         1      --      64  4.660431e-01  3.517548e-01  24.52%  0.08s
H        0         1      --      64  4.660431e-01  4.461967e-01  4.258%  0.08s
H        0         1      --      64  4.660431e-01  4.567572e-01  1.993%  0.11s
H        0         1      --      64  4.660431e-01  4.571463e-01  1.909%  0.11s
H        0         1      --      64  4.660431e-01  4.576283e-01  1.806%  0.11s
H        0         1      --      64  4.660431e-01  4.576688e-01  1.797%  0.11s
         0         1      --      48  4.585357e-01  4.576688e-01  0.189%  0.31s
         0         1      --      48  4.585357e-01  4.576688e-01  0.189%  0.31s
         0         1      --      12  4.583654e-01  4.576688e-01  0.152%  0.31s
         0         1      --      12  4.583654e-01  4.576688e-01  0.152%  0.31s
         0         1      --      16  4.583604e-01  4.576688e-01  0.151%  0.31s
         0         1      --      16  4.583604e-01  4.576688e-01  0.151%  0.31s
H        0         1      --      16  4.583604e-01  4.581405e-01  0.048%  0.32s

     Nodes    Active  LPit/n  IntInf     BestBound  BestSolution     Gap   Time
         0         1      --      16  4.583604e-01  4.581405e-01  0.048%  0.32s
         0         1      --       8  4.583473e-01  4.581405e-01  0.045%  0.32s
         0         1      --       8  4.583473e-01  4.581405e-01  0.045%  0.32s
H        0         0      --       8  4.583291e-01  4.581637e-01  0.036%  0.33s
         1         2    59.0       8  4.583291e-01  4.581637e-01  0.036%  0.33s
         2         2    69.0      19  4.583052e-01  4.581637e-01  0.031%  0.48s
         3         2    49.0      13  4.583047e-01  4.581637e-01  0.031%  0.49s
         4         4    41.5      12  4.583047e-01  4.581637e-01  0.031%  0.49s
         5         2    35.4       8  4.582924e-01  4.581637e-01  0.028%  0.49s
         6         4    31.2       8  4.582924e-01  4.581637e-01  0.028%  0.49s
         7         4    27.1       0  4.582924e-01  4.581637e-01  0.028%  0.49s
         8         6    24.6       6  4.582924e-01  4.581637e-01  0.028%  0.49s
         9         2    22.4      11  4.582821e-01  4.581637e-01  0.026%  0.49s
        10         4    20.7       8  4.582821e-01  4.581637e-01  0.026%  0.49s
        20         0    11.9      19  4.581637e-01  4.581637e-01  0.000%  0.49s

     Nodes    Active  LPit/n  IntInf     BestBound  BestSolution     Gap   Time
        20         0    11.9      19  4.581637e-01  4.581637e-01  0.000%  0.49s

Best solution   : 0.458163650
Best bound      : 0.458163650
Best gap        : 0.0000%
Solve time      : 0.49
Solve node      : 20
MIP status      : solved
Solution status : integer optimal (relative gap limit 0.0001)

Violations      :     absolute     relative
    bounds      :            0            0
    rows        :            0            0
    integrality :            0
